module.exports = function (it) {
var out='<div>'+(it.foo)+'</div>';return out;
}